// Jest Snapshot v1, https://goo.gl/fbAQLP

exports[`App components renders correctly 1`] = `
ShallowWrapper {
  "complexSelector": ComplexSelector {
    "buildPredicate": [Function],
    "childrenOfNode": [Function],
    "findWhereUnwrapped": [Function],
  },
  "length": 1,
  "node": <li
    className="z-depth-2"
>
    <input
        checked=""
        className="filled-in"
        id={undefined}
        onChange={[Function]}
        type="checkbox"
    />
    <label
        htmlFor={undefined}
    />
    <div
        className="actions"
    >
        <label
            className="edit transparent"
            onClick={[Function]}
        >
            <i
                className="tiny material-icons"
            >
                mode_edit
            </i>
        </label>
        <label
            className="delete transparent"
            onClick={undefined}
        >
            ×
        </label>
    </div>
</li>,
  "nodes": Array [
    <li
      className="z-depth-2"
>
      <input
            checked=""
            className="filled-in"
            id={undefined}
            onChange={[Function]}
            type="checkbox"
      />
      <label
            htmlFor={undefined}
      />
      <div
            className="actions"
      >
            <label
                  className="edit transparent"
                  onClick={[Function]}
            >
                  <i
                        className="tiny material-icons"
                  >
                        mode_edit
                  </i>
            </label>
            <label
                  className="delete transparent"
                  onClick={undefined}
            >
                  ×
            </label>
      </div>
</li>,
  ],
  "options": Object {},
  "renderer": ReactShallowRenderer {
    "_instance": ShallowComponentWrapper {
      "_calledComponentWillUnmount": false,
      "_compositeType": 0,
      "_context": Object {},
      "_currentElement": <DisplayToDos />,
      "_debugID": 10,
      "_hostContainerInfo": null,
      "_hostParent": null,
      "_instance": DisplayToDos {
        "_reactInternalInstance": [Circular],
        "context": Object {},
        "editTodo": [Function],
        "formSubmit": [Function],
        "props": Object {},
        "refs": Object {},
        "state": Object {
          "isEditing": false,
        },
        "toggle": [Function],
        "updater": Object {
          "enqueueCallback": [Function],
          "enqueueCallbackInternal": [Function],
          "enqueueElementInternal": [Function],
          "enqueueForceUpdate": [Function],
          "enqueueReplaceState": [Function],
          "enqueueSetState": [Function],
          "isMounted": [Function],
          "validateCallback": [Function],
        },
      },
      "_mountOrder": 4,
      "_pendingCallbacks": null,
      "_pendingElement": null,
      "_pendingForceUpdate": false,
      "_pendingReplaceState": false,
      "_pendingStateQueue": null,
      "_renderedComponent": NoopInternalComponent {
        "_currentElement": <li
          className="z-depth-2"
>
          <input
                    checked=""
                    className="filled-in"
                    id={undefined}
                    onChange={[Function]}
                    type="checkbox"
          />
          <label
                    htmlFor={undefined}
          />
          <div
                    className="actions"
          >
                    <label
                              className="edit transparent"
                              onClick={[Function]}
                    >
                              <i
                                        className="tiny material-icons"
                              >
                                        mode_edit
                              </i>
                    </label>
                    <label
                              className="delete transparent"
                              onClick={undefined}
                    >
                              ×
                    </label>
          </div>
</li>,
        "_debugID": 11,
        "_renderedOutput": <li
          className="z-depth-2"
>
          <input
                    checked=""
                    className="filled-in"
                    id={undefined}
                    onChange={[Function]}
                    type="checkbox"
          />
          <label
                    htmlFor={undefined}
          />
          <div
                    className="actions"
          >
                    <label
                              className="edit transparent"
                              onClick={[Function]}
                    >
                              <i
                                        className="tiny material-icons"
                              >
                                        mode_edit
                              </i>
                    </label>
                    <label
                              className="delete transparent"
                              onClick={undefined}
                    >
                              ×
                    </label>
          </div>
</li>,
      },
      "_renderedNodeType": 0,
      "_rootNodeID": 0,
      "_topLevelWrapper": null,
      "_updateBatchNumber": null,
      "_warnedAboutRefsInRender": false,
    },
    "getRenderOutput": [Function],
    "render": [Function],
  },
  "root": [Circular],
  "unrendered": <DisplayToDos />,
}
`;
