// Jest Snapshot v1, https://goo.gl/fbAQLP

exports[`TodoInput components renders correctly 1`] = `
ShallowWrapper {
  "complexSelector": ComplexSelector {
    "buildPredicate": [Function],
    "childrenOfNode": [Function],
    "findWhereUnwrapped": [Function],
  },
  "length": 1,
  "node": <div>
    <form
        className="z-depth-2"
        onSubmit={[Function]}
    >
        <input
            onChange={[Function]}
            placeholder="Enter to do..."
            type="text"
            value=""
        />
    </form>
</div>,
  "nodes": Array [
    <div>
      <form
            className="z-depth-2"
            onSubmit={[Function]}
      >
            <input
                  onChange={[Function]}
                  placeholder="Enter to do..."
                  type="text"
                  value=""
            />
      </form>
</div>,
  ],
  "options": Object {},
  "renderer": ReactShallowRenderer {
    "_instance": ShallowComponentWrapper {
      "_calledComponentWillUnmount": false,
      "_compositeType": 0,
      "_context": Object {},
      "_currentElement": <TodoInput />,
      "_debugID": 6,
      "_hostContainerInfo": null,
      "_hostParent": null,
      "_instance": TodoInput {
        "_reactInternalInstance": [Circular],
        "context": Object {},
        "handelSubmit": [Function],
        "onInputChange": [Function],
        "props": Object {},
        "refs": Object {},
        "state": Object {
          "term": "",
        },
        "updater": Object {
          "enqueueCallback": [Function],
          "enqueueCallbackInternal": [Function],
          "enqueueElementInternal": [Function],
          "enqueueForceUpdate": [Function],
          "enqueueReplaceState": [Function],
          "enqueueSetState": [Function],
          "isMounted": [Function],
          "validateCallback": [Function],
        },
      },
      "_mountOrder": 4,
      "_pendingCallbacks": null,
      "_pendingElement": null,
      "_pendingForceUpdate": false,
      "_pendingReplaceState": false,
      "_pendingStateQueue": null,
      "_renderedComponent": NoopInternalComponent {
        "_currentElement": <div>
          <form
                    className="z-depth-2"
                    onSubmit={[Function]}
          >
                    <input
                              onChange={[Function]}
                              placeholder="Enter to do..."
                              type="text"
                              value=""
                    />
          </form>
</div>,
        "_debugID": 7,
        "_renderedOutput": <div>
          <form
                    className="z-depth-2"
                    onSubmit={[Function]}
          >
                    <input
                              onChange={[Function]}
                              placeholder="Enter to do..."
                              type="text"
                              value=""
                    />
          </form>
</div>,
      },
      "_renderedNodeType": 0,
      "_rootNodeID": 0,
      "_topLevelWrapper": null,
      "_updateBatchNumber": null,
      "_warnedAboutRefsInRender": false,
    },
    "getRenderOutput": [Function],
    "render": [Function],
  },
  "root": [Circular],
  "unrendered": <TodoInput />,
}
`;
