// Jest Snapshot v1, https://goo.gl/fbAQLP

exports[`renders correctly 1`] = `
ShallowWrapper {
  "complexSelector": ComplexSelector {
    "buildPredicate": [Function],
    "childrenOfNode": [Function],
    "findWhereUnwrapped": [Function],
  },
  "length": 1,
  "node": <header>
    <nav>
        <div
            className="nav-wrapper"
        >
            <a
                className="brand-logo right"
            >
                <i
                    className="material-icons"
                >
                    today
                </i>
            </a>
            <a
                className="button-collapse"
                data-activates="mobile-demo"
            >
                <i
                    className="material-icons"
                >
                    menu
                </i>
            </a>
            <ul
                className="side-nav"
                id="mobile-demo"
            >
                <li>
                    <a>
                        Home
                    </a>
                </li>
            </ul>
        </div>
    </nav>
</header>,
  "nodes": Array [
    <header>
      <nav>
            <div
                  className="nav-wrapper"
            >
                  <a
                        className="brand-logo right"
                  >
                        <i
                              className="material-icons"
                        >
                              today
                        </i>
                  </a>
                  <a
                        className="button-collapse"
                        data-activates="mobile-demo"
                  >
                        <i
                              className="material-icons"
                        >
                              menu
                        </i>
                  </a>
                  <ul
                        className="side-nav"
                        id="mobile-demo"
                  >
                        <li>
                              <a>
                                    Home
                              </a>
                        </li>
                  </ul>
            </div>
      </nav>
</header>,
  ],
  "options": Object {},
  "renderer": ReactShallowRenderer {
    "_instance": ShallowComponentWrapper {
      "_calledComponentWillUnmount": false,
      "_compositeType": 2,
      "_context": Object {},
      "_currentElement": <NavBar />,
      "_debugID": 1,
      "_hostContainerInfo": null,
      "_hostParent": null,
      "_instance": StatelessComponent {
        "_reactInternalInstance": [Circular],
        "context": Object {},
        "props": Object {},
        "refs": Object {},
        "state": null,
        "updater": Object {
          "enqueueCallback": [Function],
          "enqueueCallbackInternal": [Function],
          "enqueueElementInternal": [Function],
          "enqueueForceUpdate": [Function],
          "enqueueReplaceState": [Function],
          "enqueueSetState": [Function],
          "isMounted": [Function],
          "validateCallback": [Function],
        },
      },
      "_mountOrder": 1,
      "_pendingCallbacks": null,
      "_pendingElement": null,
      "_pendingForceUpdate": false,
      "_pendingReplaceState": false,
      "_pendingStateQueue": null,
      "_renderedComponent": NoopInternalComponent {
        "_currentElement": <header>
          <nav>
                    <div
                              className="nav-wrapper"
                    >
                              <a
                                        className="brand-logo right"
                              >
                                        <i
                                                  className="material-icons"
                                        >
                                                  today
                                        </i>
                              </a>
                              <a
                                        className="button-collapse"
                                        data-activates="mobile-demo"
                              >
                                        <i
                                                  className="material-icons"
                                        >
                                                  menu
                                        </i>
                              </a>
                              <ul
                                        className="side-nav"
                                        id="mobile-demo"
                              >
                                        <li>
                                                  <a>
                                                            Home
                                                  </a>
                                        </li>
                              </ul>
                    </div>
          </nav>
</header>,
        "_debugID": 2,
        "_renderedOutput": <header>
          <nav>
                    <div
                              className="nav-wrapper"
                    >
                              <a
                                        className="brand-logo right"
                              >
                                        <i
                                                  className="material-icons"
                                        >
                                                  today
                                        </i>
                              </a>
                              <a
                                        className="button-collapse"
                                        data-activates="mobile-demo"
                              >
                                        <i
                                                  className="material-icons"
                                        >
                                                  menu
                                        </i>
                              </a>
                              <ul
                                        className="side-nav"
                                        id="mobile-demo"
                              >
                                        <li>
                                                  <a>
                                                            Home
                                                  </a>
                                        </li>
                              </ul>
                    </div>
          </nav>
</header>,
      },
      "_renderedNodeType": 0,
      "_rootNodeID": 0,
      "_topLevelWrapper": null,
      "_updateBatchNumber": null,
      "_warnedAboutRefsInRender": false,
    },
    "getRenderOutput": [Function],
    "render": [Function],
  },
  "root": [Circular],
  "unrendered": <NavBar />,
}
`;
